{
  "Access_Token": {
    "Instance_Url": "https://www.concursolutions.com/",
    "Token": "0_KAQNkANRwtxQHBNvtGEGjnW20=",
    "Expiration_date": "6/3/2017 3:43:46 AM",
    "Refresh_Token": "0_kmAmUqE6Tb1rc3WNg0abLF9SVIFBt"
  }
}